[    0.000000] Initializing cgroup subsys cpuset
[    0.000000] Initializing cgroup subsys cpu
[    0.000000] Initializing cgroup subsys cpuacct
[    0.000000] Linux version 4.4.0-185-generic (buildd@lgw01-amd64-017) (gcc version 5.4.0 20160609 (Ubuntu 5.4.0-6ubuntu1~16.04.12) ) #215-Ubuntu SMP Mon Jun 8 21:53:19 UTC 2020 (Ubuntu 4.4.0-185.215-generic 4.4.224)
[    0.000000] Command line: BOOT_IMAGE=/boot/vmlinuz-4.4.0-185-generic root=LABEL=cloudimg-rootfs ro console=tty1 console=ttyS0
[    0.000000] KERNEL supported cpus:
[    0.000000]   Intel GenuineIntel
[    0.000000]   AMD AuthenticAMD
[    0.000000]   Centaur CentaurHauls
[    0.000000] x86/fpu: xstate_offset[2]:  576, xstate_sizes[2]:  256
[    0.000000] x86/fpu: Supporting XSAVE feature 0x01: 'x87 floating point registers'
[    0.000000] x86/fpu: Supporting XSAVE feature 0x02: 'SSE registers'
[    0.000000] x86/fpu: Supporting XSAVE feature 0x04: 'AVX registers'
[    0.000000] x86/fpu: Enabled xstate features 0x7, context size is 832 bytes, using 'standard' format.
[    0.000000] e820: BIOS-provided physical RAM map:
[    0.000000] BIOS-e820: [mem 0x0000000000000000-0x000000000009fbff] usable
[    0.000000] BIOS-e820: [mem 0x000000000009fc00-0x000000000009ffff] reserved
[    0.000000] BIOS-e820: [mem 0x00000000000f0000-0x00000000000fffff] reserved
[    0.000000] BIOS-e820: [mem 0x0000000000100000-0x000000003ffeffff] usable
[    0.000000] BIOS-e820: [mem 0x000000003fff0000-0x000000003fffffff] ACPI data
[    0.000000] BIOS-e820: [mem 0x00000000fec00000-0x00000000fec00fff] reserved
[    0.000000] BIOS-e820: [mem 0x00000000fee00000-0x00000000fee00fff] reserved
[    0.000000] BIOS-e820: [mem 0x00000000fffc0000-0x00000000ffffffff] reserved
[    0.000000] NX (Execute Disable) protection: active
[    0.000000] SMBIOS 2.5 present.
[    0.000000] Hypervisor detected: KVM
[    0.000000] Kernel/User page tables isolation: disabled
[    0.000000] e820: last_pfn = 0x3fff0 max_arch_pfn = 0x400000000
[    0.000000] MTRR: Disabled
[    0.000000] x86/PAT: MTRRs disabled, skipping PAT initialization too.
[    0.000000] CPU MTRRs all blank - virtualized system.
[    0.000000] x86/PAT: Configuration [0-7]: WB  WT  UC- UC  WB  WT  UC- UC  
[    0.000000] found SMP MP-table at [mem 0x0009fff0-0x0009ffff] mapped at [ffff88000009fff0]
[    0.000000] Scanning 1 areas for low memory corruption
[    0.000000] RAMDISK: [mem 0x362e0000-0x37167fff]
[    0.000000] ACPI: Early table checksum verification disabled
[    0.000000] ACPI: RSDP 0x00000000000E0000 000024 (v02 VBOX  )
[    0.000000] ACPI: XSDT 0x000000003FFF0030 00003C (v01 VBOX   VBOXXSDT 00000001 ASL  00000061)
[    0.000000] ACPI: FACP 0x000000003FFF00F0 0000F4 (v04 VBOX   VBOXFACP 00000001 ASL  00000061)
[    0.000000] ACPI: DSDT 0x000000003FFF0470 002325 (v02 VBOX   VBOXBIOS 00000002 INTL 20100528)
[    0.000000] ACPI: FACS 0x000000003FFF0200 000040
[    0.000000] ACPI: FACS 0x000000003FFF0200 000040
[    0.000000] ACPI: APIC 0x000000003FFF0240 00005C (v02 VBOX   VBOXAPIC 00000001 ASL  00000061)
[    0.000000] ACPI: SSDT 0x000000003FFF02A0 0001CC (v01 VBOX   VBOXCPUT 00000002 INTL 20100528)
[    0.000000] No NUMA configuration found
[    0.000000] Faking a node at [mem 0x0000000000000000-0x000000003ffeffff]
[    0.000000] NODE_DATA(0) allocated [mem 0x3ffeb000-0x3ffeffff]
[    0.000000] kvm-clock: Using msrs 4b564d01 and 4b564d00
[    0.000000] kvm-clock: cpu 0, msr 0:3ffe3001, primary cpu clock
[    0.000000] kvm-clock: using sched offset of 3361642723 cycles
[    0.000000] clocksource: kvm-clock: mask: 0xffffffffffffffff max_cycles: 0x1cd42e4dffb, max_idle_ns: 881590591483 ns
[    0.000000] Zone ranges:
[    0.000000]   DMA      [mem 0x0000000000001000-0x0000000000ffffff]
[    0.000000]   DMA32    [mem 0x0000000001000000-0x000000003ffeffff]
[    0.000000]   Normal   empty
[    0.000000]   Device   empty
[    0.000000] Movable zone start for each node
[    0.000000] Early memory node ranges
[    0.000000]   node   0: [mem 0x0000000000001000-0x000000000009efff]
[    0.000000]   node   0: [mem 0x0000000000100000-0x000000003ffeffff]
[    0.000000] Initmem setup node 0 [mem 0x0000000000001000-0x000000003ffeffff]
[    0.000000] ACPI: PM-Timer IO Port: 0x4008
[    0.000000] IOAPIC[0]: apic_id 2, version 32, address 0xfec00000, GSI 0-23
[    0.000000] ACPI: INT_SRC_OVR (bus 0 bus_irq 0 global_irq 2 dfl dfl)
[    0.000000] ACPI: INT_SRC_OVR (bus 0 bus_irq 9 global_irq 9 low level)
[    0.000000] Using ACPI (MADT) for SMP configuration information
[    0.000000] smpboot: Allowing 2 CPUs, 0 hotplug CPUs
[    0.000000] PM: Registered nosave memory: [mem 0x00000000-0x00000fff]
[    0.000000] PM: Registered nosave memory: [mem 0x0009f000-0x0009ffff]
[    0.000000] PM: Registered nosave memory: [mem 0x000a0000-0x000effff]
[    0.000000] PM: Registered nosave memory: [mem 0x000f0000-0x000fffff]
[    0.000000] e820: [mem 0x40000000-0xfebfffff] available for PCI devices
[    0.000000] Booting paravirtualized kernel on KVM
[    0.000000] clocksource: refined-jiffies: mask: 0xffffffff max_cycles: 0xffffffff, max_idle_ns: 7645519600211568 ns
[    0.000000] setup_percpu: NR_CPUS:512 nr_cpumask_bits:512 nr_cpu_ids:2 nr_node_ids:1
[    0.000000] PERCPU: Embedded 33 pages/cpu @ffff88003fc00000 s95448 r8192 d31528 u1048576
[    0.000000] Built 1 zonelists in Node order, mobility grouping on.  Total pages: 257912
[    0.000000] Policy zone: DMA32
[    0.000000] Kernel command line: BOOT_IMAGE=/boot/vmlinuz-4.4.0-185-generic root=LABEL=cloudimg-rootfs ro console=tty1 console=ttyS0
[    0.000000] PID hash table entries: 4096 (order: 3, 32768 bytes)
[    0.000000] Memory: 997672K/1048120K available (8632K kernel code, 1336K rwdata, 4036K rodata, 1488K init, 1292K bss, 50448K reserved, 0K cma-reserved)
[    0.000000] SLUB: HWalign=64, Order=0-3, MinObjects=0, CPUs=2, Nodes=1
[    0.000000] Hierarchical RCU implementation.
[    0.000000] 	Build-time adjustment of leaf fanout to 64.
[    0.000000] 	RCU restricting CPUs from NR_CPUS=512 to nr_cpu_ids=2.
[    0.000000] RCU: Adjusting geometry for rcu_fanout_leaf=64, nr_cpu_ids=2
[    0.000000] NR_IRQS:33024 nr_irqs:440 16
[    0.000000] Console: colour VGA+ 80x25
[    0.000000] console [tty1] enabled
[    0.000000] console [ttyS0] enabled
[    0.000000] tsc: Detected 2592.000 MHz processor
[    0.122102] Calibrating delay loop (skipped) preset value.. 5184.00 BogoMIPS (lpj=10368000)
[    0.123920] pid_max: default: 32768 minimum: 301
[    0.124649] ACPI: Core revision 20150930
[    0.126136] ACPI: 2 ACPI AML tables successfully acquired and loaded
[    0.127277] Security Framework initialized
[    0.128001] Yama: becoming mindful.
[    0.128619] AppArmor: AppArmor initialized
[    0.129361] Dentry cache hash table entries: 131072 (order: 8, 1048576 bytes)
[    0.130533] Inode-cache hash table entries: 65536 (order: 7, 524288 bytes)
[    0.134089] Mount-cache hash table entries: 2048 (order: 2, 16384 bytes)
[    0.135130] Mountpoint-cache hash table entries: 2048 (order: 2, 16384 bytes)
[    0.136433] Initializing cgroup subsys io
[    0.137096] Initializing cgroup subsys memory
[    0.137919] Initializing cgroup subsys devices
[    0.138675] Initializing cgroup subsys freezer
[    0.139515] Initializing cgroup subsys net_cls
[    0.140230] Initializing cgroup subsys perf_event
[    0.140968] Initializing cgroup subsys net_prio
[    0.141809] Initializing cgroup subsys hugetlb
[    0.142611] Initializing cgroup subsys pids
[    0.144401] mce: CPU supports 0 MCE banks
[    0.145157] Last level iTLB entries: 4KB 64, 2MB 8, 4MB 8
[    0.146027] Last level dTLB entries: 4KB 64, 2MB 0, 4MB 0, 1GB 4
[    0.146932] Spectre V1 : Mitigation: usercopy/swapgs barriers and __user pointer sanitization
[    0.148435] Spectre V2 : Mitigation: Full generic retpoline
[    0.149368] Spectre V2 : Spectre v2 / SpectreRSB mitigation: Filling RSB on context switch
[    0.150788] Speculative Store Bypass: Vulnerable
[    0.153940] Freeing SMP alternatives memory: 36K
[    0.160292] ftrace: allocating 32322 entries in 127 pages
[    0.210395] smpboot: APIC(0) Converting physical 0 to logical package 0
[    0.211848] smpboot: Max logical packages: 1
[    0.212772] x2apic enabled
[    0.213597] Switched APIC routing to physical x2apic.
[    0.215351] ..TIMER: vector=0x30 apic1=0 pin1=2 apic2=-1 pin2=-1
[    0.324370] smpboot: CPU0: Intel(R) Core(TM) i7-10750H CPU @ 2.60GHz (family: 0x6, model: 0xa5, stepping: 0x2)
[    0.326789] Performance Events: unsupported p6 CPU model 165 no PMU driver, software events only.
[    0.336834] KVM setup paravirtual spinlock
[    0.338119] x86: Booting SMP configuration:
[    0.338907] .... node  #0, CPUs:      #1
[    0.339594] kvm-clock: cpu 1, msr 0:3ffe3041, secondary cpu clock
[    0.342370] mce: CPU supports 0 MCE banks
[    0.344965] x86: Booted up 1 node, 2 CPUs
[    0.345935] smpboot: Total of 2 processors activated (10368.00 BogoMIPS)
[    0.347476] devtmpfs: initialized
[    0.350764] evm: security.selinux
[    0.351541] evm: security.SMACK64
[    0.352315] evm: security.SMACK64EXEC
[    0.353071] evm: security.SMACK64TRANSMUTE
[    0.353867] evm: security.SMACK64MMAP
[    0.354724] evm: security.ima
[    0.355364] evm: security.capability
[    0.356273] clocksource: jiffies: mask: 0xffffffff max_cycles: 0xffffffff, max_idle_ns: 7645041785100000 ns
[    0.358105] futex hash table entries: 512 (order: 3, 32768 bytes)
[    0.359261] pinctrl core: initialized pinctrl subsystem
[    0.360408] RTC time: 15:04:21, date: 07/30/20
[    0.363791] NET: Registered protocol family 16
[    0.373523] cpuidle: using governor ladder
[    0.385778] cpuidle: using governor menu
[    0.386926] PCCT header not found.
[    0.387803] ACPI: bus type PCI registered
[    0.388723] acpiphp: ACPI Hot Plug PCI Controller Driver version: 0.5
[    0.390078] PCI: Using configuration type 1 for base access
[    0.402985] ACPI: Added _OSI(Module Device)
[    0.404062] ACPI: Added _OSI(Processor Device)
[    0.405174] ACPI: Added _OSI(3.0 _SCP Extensions)
[    0.406182] ACPI: Added _OSI(Processor Aggregator Device)
[    0.407894] ACPI: Executed 1 blocks of module-level executable AML code
[    0.411029] ACPI: Interpreter enabled
[    0.411793] ACPI: (supports S0 S5)
[    0.412552] ACPI: Using IOAPIC for interrupt routing
[    0.413675] PCI: Using host bridge windows from ACPI; if necessary, use "pci=nocrs" and report a bug
[    0.419433] ACPI: PCI Root Bridge [PCI0] (domain 0000 [bus 00-ff])
[    0.420628] acpi PNP0A03:00: _OSC: OS supports [ASPM ClockPM Segments MSI]
[    0.422429] acpi PNP0A03:00: _OSC: not requesting OS control; OS requires [ExtendedConfig ASPM ClockPM MSI]
[    0.424378] acpi PNP0A03:00: fail to add MMCONFIG information, can't access extended PCI configuration space under this bridge.
[    0.427194] PCI host bridge to bus 0000:00
[    0.428051] pci_bus 0000:00: root bus resource [io  0x0000-0x0cf7 window]
[    0.429396] pci_bus 0000:00: root bus resource [io  0x0d00-0xffff window]
[    0.430667] pci_bus 0000:00: root bus resource [mem 0x000a0000-0x000bffff window]
[    0.432899] pci_bus 0000:00: root bus resource [mem 0x40000000-0xfdffffff window]
[    0.434884] pci_bus 0000:00: root bus resource [bus 00-ff]
[    0.438529] pci 0000:00:01.1: legacy IDE quirk: reg 0x10: [io  0x01f0-0x01f7]
[    0.440302] pci 0000:00:01.1: legacy IDE quirk: reg 0x14: [io  0x03f6]
[    0.441773] pci 0000:00:01.1: legacy IDE quirk: reg 0x18: [io  0x0170-0x0177]
[    0.443461] pci 0000:00:01.1: legacy IDE quirk: reg 0x1c: [io  0x0376]
[    0.456053] pci 0000:00:07.0: quirk: [io  0x4000-0x403f] claimed by PIIX4 ACPI
[    0.466597] pci 0000:00:07.0: quirk: [io  0x4100-0x410f] claimed by PIIX4 SMB
[    0.474247] ACPI: PCI Interrupt Link [LNKA] (IRQs 5 9 10 *11)
[    0.475927] ACPI: PCI Interrupt Link [LNKB] (IRQs 5 9 *10 11)
[    0.477502] ACPI: PCI Interrupt Link [LNKC] (IRQs 5 *9 10 11)
[    0.478938] ACPI: PCI Interrupt Link [LNKD] (IRQs 5 9 10 *11)
[    0.480218] ACPI: Enabled 2 GPEs in block 00 to 07
[    0.481320] vgaarb: setting as boot device: PCI:0000:00:02.0
[    0.482383] vgaarb: device added: PCI:0000:00:02.0,decodes=io+mem,owns=io+mem,locks=none
[    0.483916] vgaarb: loaded
[    0.484610] vgaarb: bridge control possible 0000:00:02.0
[    0.485748] SCSI subsystem initialized
[    0.486748] ACPI: bus type USB registered
[    0.487663] usbcore: registered new interface driver usbfs
[    0.488587] usbcore: registered new interface driver hub
[    0.489562] usbcore: registered new device driver usb
[    0.490887] PCI: Using ACPI for IRQ routing
[    0.491936] NetLabel: Initializing
[    0.492632] NetLabel:  domain hash size = 128
[    0.493488] NetLabel:  protocols = UNLABELED CIPSOv4
[    0.494312] NetLabel:  unlabeled traffic allowed by default
[    0.495384] amd_nb: Cannot enumerate AMD northbridges
[    0.496350] clocksource: Switched to clocksource kvm-clock
[    0.506062] AppArmor: AppArmor Filesystem Enabled
[    0.506815] pnp: PnP ACPI init
[    0.508023] pnp: PnP ACPI: found 3 devices
[    0.518500] clocksource: acpi_pm: mask: 0xffffff max_cycles: 0xffffff, max_idle_ns: 2085701024 ns
[    0.520203] NET: Registered protocol family 2
[    0.521213] TCP established hash table entries: 8192 (order: 4, 65536 bytes)
[    0.522421] TCP bind hash table entries: 8192 (order: 5, 131072 bytes)
[    0.523698] TCP: Hash tables configured (established 8192 bind 8192)
[    0.524832] UDP hash table entries: 512 (order: 2, 16384 bytes)
[    0.525918] UDP-Lite hash table entries: 512 (order: 2, 16384 bytes)
[    0.529228] NET: Registered protocol family 1
[    0.529933] pci 0000:00:00.0: Limiting direct PCI/PCI transfers
[    0.530885] pci 0000:00:01.0: Activating ISA DMA hang workarounds
[    0.531974] Unpacking initramfs...
[    0.760051] Freeing initrd memory: 14880K
[    0.761292] clocksource: tsc: mask: 0xffffffffffffffff max_cycles: 0x255cb6cc5db, max_idle_ns: 440795203504 ns
[    0.763731] platform rtc_cmos: registered platform RTC device (no PNP device found)
[    0.765446] Scanning for low memory corruption every 60 seconds
[    0.767618] audit: initializing netlink subsys (disabled)
[    0.768703] audit: type=2000 audit(1596121467.220:1): initialized
[    0.770628] Initialise system trusted keyring
[    0.771936] HugeTLB registered 2 MB page size, pre-allocated 0 pages
[    0.774851] zbud: loaded
[    0.775875] VFS: Disk quotas dquot_6.6.0
[    0.776978] VFS: Dquot-cache hash table entries: 512 (order 0, 4096 bytes)
[    0.778558] squashfs: version 4.0 (2009/01/31) Phillip Lougher
[    0.783148] fuse init (API version 7.23)
[    0.784132] Key type big_key registered
[    0.785060] Allocating IMA MOK and blacklist keyrings.
[    0.789687] Key type asymmetric registered
[    0.790607] Asymmetric key parser 'x509' registered
[    0.791723] Block layer SCSI generic (bsg) driver version 0.4 loaded (major 249)
[    0.793607] io scheduler noop registered
[    0.794505] io scheduler deadline registered (default)
[    0.795567] io scheduler cfq registered
[    0.796537] pci_hotplug: PCI Hot Plug PCI Core version: 0.5
[    0.797893] pciehp: PCI Express Hot Plug Controller Driver version: 0.4
[    0.799256] ACPI: AC Adapter [AC] (on-line)
[    0.800319] input: Power Button as /devices/LNXSYSTM:00/LNXPWRBN:00/input/input0
[    0.802244] ACPI: Power Button [PWRF]
[    0.803292] input: Sleep Button as /devices/LNXSYSTM:00/LNXSLPBN:00/input/input1
[    0.805101] ACPI: Sleep Button [SLPF]
[    0.806240] GHES: HEST is not enabled!
[    0.807925] ACPI: Battery Slot [BAT0] (battery present)
[    0.809163] Serial: 8250/16550 driver, 32 ports, IRQ sharing enabled
[    0.831150] 00:02: ttyS0 at I/O 0x3f8 (irq = 4, base_baud = 115200) is a 16550A
[    0.833344] Linux agpgart interface v0.103
[    0.835180] loop: module loaded
[    0.836312] scsi host0: ata_piix
[    0.837202] scsi host1: ata_piix
[    0.837844] ata1: PATA max UDMA/33 cmd 0x1f0 ctl 0x3f6 bmdma 0xd000 irq 14
[    0.838996] ata2: PATA max UDMA/33 cmd 0x170 ctl 0x376 bmdma 0xd008 irq 15
[    0.840166] libphy: Fixed MDIO Bus: probed
[    0.841188] tun: Universal TUN/TAP device driver, 1.6
[    0.842263] tun: (C) 1999-2004 Max Krasnyansky <maxk@qualcomm.com>
[    0.843318] PPP generic driver version 2.4.2
[    0.844154] ehci_hcd: USB 2.0 'Enhanced' Host Controller (EHCI) Driver
[    0.845208] ehci-pci: EHCI PCI platform driver
[    0.845918] ehci-platform: EHCI generic platform driver
[    0.846825] ohci_hcd: USB 1.1 'Open' Host Controller (OHCI) Driver
[    0.847807] ohci-pci: OHCI PCI platform driver
[    0.848537] ohci-platform: OHCI generic platform driver
[    0.849338] uhci_hcd: USB Universal Host Controller Interface driver
[    0.850626] i8042: PNP: PS/2 Controller [PNP0303:PS2K,PNP0f03:PS2M] at 0x60,0x64 irq 1,12
[    0.852294] serio: i8042 KBD port at 0x60,0x64 irq 1
[    0.853167] serio: i8042 AUX port at 0x60,0x64 irq 12
[    0.854112] mousedev: PS/2 mouse device common for all mice
[    0.855225] input: AT Translated Set 2 keyboard as /devices/platform/i8042/serio0/input/input2
[    0.856980] rtc_cmos rtc_cmos: rtc core: registered rtc_cmos as rtc0
[    0.857931] rtc_cmos rtc_cmos: alarms up to one day, 114 bytes nvram
[    0.859029] i2c /dev entries driver
[    0.859741] device-mapper: uevent: version 1.0.3
[    0.860613] device-mapper: ioctl: 4.34.0-ioctl (2015-10-28) initialised: dm-devel@redhat.com
[    0.862031] ledtrig-cpu: registered to indicate activity on CPUs
[    0.863578] NET: Registered protocol family 10
[    0.864637] NET: Registered protocol family 17
[    0.865491] Key type dns_resolver registered
[    0.866408] registered taskstats version 1
[    0.867151] Loading compiled-in X.509 certificates
[    0.868498] Loaded X.509 cert 'Build time autogenerated kernel key: 63b33e3df6fd3cb2c2f5596d77e3bacd7122c70c'
[    0.870275] zswap: loaded using pool lzo/zbud
[    0.872348] Key type trusted registered
[    0.875605] Key type encrypted registered
[    0.876417] AppArmor: AppArmor sha1 policy hashing enabled
[    0.877485] ima: No TPM chip found, activating TPM-bypass!
[    0.878409] ima: Allocated hash algorithm: sha1
[    0.879221] evm: HMAC attrs: 0x1
[    0.880367]   Magic number: 12:365:84
[    0.881353] rtc_cmos rtc_cmos: setting system clock to 2020-07-30 15:04:22 UTC (1596121462)
[    0.883073] BIOS EDD facility v0.16 2004-Jun-25, 0 devices found
[    0.884067] EDD information not available.
[    1.018141] Freeing unused kernel memory: 1488K
[    1.019122] Write protecting the kernel read-only data: 14336k
[    1.020872] Freeing unused kernel memory: 1596K
[    1.021982] Freeing unused kernel memory: 60K
Loading, please wait...
starting version 229
[    1.033340] random: systemd-udevd: uninitialized urandom read (16 bytes read, 3 bits of entropy available)
[    1.034230] random: udevadm: uninitialized urandom read (16 bytes read, 3 bits of entropy available)
[    1.034245] random: udevadm: uninitialized urandom read (16 bytes read, 3 bits of entropy available)
[    1.040637] random: systemd-udevd: uninitialized urandom read (16 bytes read, 3 bits of entropy available)
[    1.041650] random: udevadm: uninitialized urandom read (16 bytes read, 3 bits of entropy available)
[    1.041688] random: udevadm: uninitialized urandom read (16 bytes read, 3 bits of entropy available)
[    1.041806] random: udevadm: uninitialized urandom read (16 bytes read, 3 bits of entropy available)
[    1.041847] random: udevadm: uninitialized urandom read (16 bytes read, 3 bits of entropy available)
[    1.041887] random: udevadm: uninitialized urandom read (16 bytes read, 3 bits of entropy available)
[    1.041930] random: udevadm: uninitialized urandom read (16 bytes read, 3 bits of entropy available)
[    1.082748] Fusion MPT base driver 3.04.20
[    1.083731] Copyright (c) 1999-2008 LSI Corporation
[    1.088680] e1000: Intel(R) PRO/1000 Network Driver - version 7.3.21-k8-NAPI
[    1.090241] e1000: Copyright (c) 1999-2006 Intel Corporation.
[    1.099694] Fusion MPT SPI Host driver 3.04.20
[    1.106281] AVX2 version of gcm_enc/dec engaged.
[    1.107140] AES CTR mode by8 optimization enabled
[    1.293827] input: ImExPS/2 Generic Explorer Mouse as /devices/platform/i8042/serio1/input/input4
[    1.450409] e1000 0000:00:03.0 eth0: (PCI:33MHz:32-bit) 02:a0:c0:04:2d:c8
[    1.452098] e1000 0000:00:03.0 eth0: Intel(R) PRO/1000 Network Connection
[    1.825791] e1000 0000:00:08.0 eth1: (PCI:33MHz:32-bit) 08:00:27:b5:8c:7a
[    1.827385] e1000 0000:00:08.0 eth1: Intel(R) PRO/1000 Network Connection
[    1.829340] mptbase: ioc0: Initiating bringup
[    1.829398] e1000 0000:00:08.0 enp0s8: renamed from eth1
[    1.844999] e1000 0000:00:03.0 enp0s3: renamed from eth0
[    2.452997] ioc0: LSI53C1030 A0: Capabilities={Initiator}
[    4.007259] scsi host2: ioc0: LSI53C1030 A0, FwRev=00000000h, Ports=1, MaxQ=256, IRQ=20
[    5.637059] scsi 2:0:0:0: Direct-Access     VBOX     HARDDISK         1.0  PQ: 0 ANSI: 5
[    5.638516] scsi target2:0:0: Beginning Domain Validation
[    5.641538] scsi target2:0:0: Domain Validation skipping write tests
[    5.642693] scsi target2:0:0: Ending Domain Validation
[    5.643759] scsi target2:0:0: asynchronous
[    5.644982] scsi 2:0:1:0: Direct-Access     VBOX     HARDDISK         1.0  PQ: 0 ANSI: 5
[    5.646668] scsi target2:0:1: Beginning Domain Validation
[    5.648581] scsi target2:0:1: Domain Validation skipping write tests
[    5.659035] scsi target2:0:1: Ending Domain Validation
[    5.659948] scsi target2:0:1: asynchronous
[    5.667190] sd 2:0:0:0: Attached scsi generic sg0 type 0
[    5.668338] sd 2:0:0:0: [sda] 20971520 512-byte logical blocks: (10.7 GB/10.0 GiB)
[    5.670180] sd 2:0:1:0: Attached scsi generic sg1 type 0
[    5.671458] sd 2:0:1:0: [sdb] 20480 512-byte logical blocks: (10.5 MB/10.0 MiB)
[    5.671545] sd 2:0:0:0: [sda] Write Protect is off
[    5.671661] sd 2:0:0:0: [sda] Incomplete mode parameter data
[    5.671683] sd 2:0:0:0: [sda] Assuming drive cache: write through
[    5.672796]  sda: sda1
[    5.673432] sd 2:0:0:0: [sda] Attached SCSI disk
[    5.679511] sd 2:0:1:0: [sdb] Write Protect is off
[    5.680703] sd 2:0:1:0: [sdb] Incomplete mode parameter data
[    5.681720] sd 2:0:1:0: [sdb] Assuming drive cache: write through
[    5.685486] sd 2:0:1:0: [sdb] Attached SCSI disk
Begin: Loading essential drivers ... [    6.979815] md: linear personality registered for level -1
[    6.983716] md: multipath personality registered for level -4
[    6.987845] md: raid0 personality registered for level 0
[    6.993628] md: raid1 personality registered for level 1
[    7.064782] raid6: sse2x1   gen() 12004 MB/s
[    7.132551] raid6: sse2x1   xor()  7910 MB/s
[    7.200401] raid6: sse2x2   gen() 16848 MB/s
[    7.269210] raid6: sse2x2   xor() 11607 MB/s
[    7.336555] raid6: sse2x4   gen() 17726 MB/s
[    7.404809] raid6: sse2x4   xor()  8346 MB/s
[    7.472779] raid6: avx2x1   gen() 19424 MB/s
[    7.540405] raid6: avx2x2   gen() 30574 MB/s
[    7.608854] raid6: avx2x4   gen() 33500 MB/s
[    7.609932] raid6: using algorithm avx2x4 gen() 33500 MB/s
[    7.611085] raid6: using avx2x2 recovery algorithm
[    7.613657] xor: automatically using best checksumming function:
[    7.652730]    avx       : 17168.000 MB/sec
[    7.655128] async_tx: api initialized (async)
[    7.668991] md: raid6 personality registered for level 6
[    7.670596] md: raid5 personality registered for level 5
[    7.671913] md: raid4 personality registered for level 4
[    7.677935] md: raid10 personality registered for level 10
done.
Begin: Running /scripts/init-premount ... done.
Begin: Mounting root file system ... Begin: Running /scripts/local-top ... done.
Begin: Running /scripts/local-premount ... [    7.705343] Btrfs loaded
Scanning for Btrfs filesystems
done.
Warning: fsck not present, so skipping root file system
[    7.736222] EXT4-fs (sda1): mounted filesystem with ordered data mode. Opts: (null)
done.
Begin: Running /scripts/local-bottom ... done.
Begin: Running /scripts/init-bottom ... done.
[    7.816802] systemd[1]: systemd 229 running in system mode. (+PAM +AUDIT +SELINUX +IMA +APPARMOR +SMACK +SYSVINIT +UTMP +LIBCRYPTSETUP +GCRYPT +GNUTLS +ACL +XZ -LZ4 +SECCOMP +BLKID +ELFUTILS +KMOD -IDN)
[    7.820601] systemd[1]: Detected virtualization oracle.
[    7.821993] systemd[1]: Detected architecture x86-64.

Welcome to [1mUbuntu 16.04.6 LTS[0m!

[    7.825678] systemd[1]: Set hostname to <ubuntu>.
[    7.828526] systemd[1]: Initializing machine ID from random generator.
[    7.829818] systemd[1]: Installed transient /etc/machine-id file.
[    7.942550] systemd[1]: Listening on LVM2 poll daemon socket.
[[0;32m  OK  [0m] Listening on LVM2 poll daemon socket.
[    7.945039] systemd[1]: Listening on Journal Socket (/dev/log).
[[0;32m  OK  [0m] Listening on Journal Socket (/dev/log).
[    7.948689] systemd[1]: Listening on Journal Audit Socket.
[[0;32m  OK  [0m] Listening on Journal Audit Socket.
[    7.950851] systemd[1]: Listening on Device-mapper event daemon FIFOs.
[[0;32m  OK  [0m] Listening on Device-mapper event daemon FIFOs.
[    7.953388] systemd[1]: Listening on udev Kernel Socket.
[[0;32m  OK  [0m] Listening on udev Kernel Socket.
[    7.955654] systemd[1]: Created slice User and Session Slice.
[[0;32m  OK  [0m] Created slice User and Session Slice.
[    7.957760] systemd[1]: Reached target User and Group Name Lookups.
[[0;32m  OK  [0m] Reached target User and Group Name Lookups.
[    7.959764] systemd[1]: Listening on udev Control Socket.
[[0;32m  OK  [0m] Listening on udev Control Socket.
[    7.961666] systemd[1]: Listening on /dev/initctl Compatibility Named Pipe.
[[0;32m  OK  [0m] Listening on /dev/initctl Compatibility Named Pipe.
[    7.963648] systemd[1]: Set up automount Arbitrary Executable File Formats File System Automount Point.
[[0;32m  OK  [0m] Set up automount Arbitrary Executab...ats File System Automount Point.
[    7.966345] systemd[1]: Listening on Syslog Socket.
[[0;32m  OK  [0m] Listening on Syslog Socket.
[    7.967915] systemd[1]: Reached target System Time Synchronized.
[[0;32m  OK  [0m] Reached target System Time Synchronized.
[    7.969839] systemd[1]: Reached target Swap.
[[0;32m  OK  [0m] Reached target Swap.
[    7.971989] systemd[1]: Started Trigger resolvconf update for networkd DNS.
[[0;32m  OK  [0m] Started Trigger resolvconf update for networkd DNS.
[    7.974028] systemd[1]: Started Forward Password Requests to Wall Directory Watch.
[[0;32m  OK  [0m] Started Forward Password Requests to Wall Directory Watch.
[    7.976253] systemd[1]: Reached target Encrypted Volumes.
[[0;32m  OK  [0m] Reached target Encrypted Volumes.
[    7.978133] systemd[1]: Created slice System Slice.
[[0;32m  OK  [0m] Created slice System Slice.
[    7.979868] systemd[1]: Reached target Slices.
[[0;32m  OK  [0m] Reached target Slices.
[    7.982078] systemd[1]: Created slice system-serial\x2dgetty.slice.
[[0;32m  OK  [0m] Created slice system-serial\x2dgetty.slice.
[    7.984042] systemd[1]: Listening on Journal Socket.
[[0;32m  OK  [0m] Listening on Journal Socket.
[    8.001044] systemd[1]: Mounting Huge Pages File System...
         Mounting Huge Pages File System...
[    8.004018] systemd[1]: Starting Set console keymap...
         Starting Set console keymap...
[    8.006971] systemd[1]: Mounting POSIX Message Queue File System...
         Mounting POSIX Message Queue File System...
[    8.010305] systemd[1]: Mounting Debug File System...
         Mounting Debug File System...
[    8.012960] systemd[1]: Starting Remount Root and Kernel File Systems...
         Starting Remount Root and Kernel File Systems...
[    8.016113] systemd[1]: Starting Journal Service...
         Starting Journal Service...
[    8.018280] EXT4-fs (sda1): re-mounted. Opts: (null)
[    8.021202] systemd[1]: Starting Load Kernel Modules...
         Starting Load Kernel Modules...
[    8.024055] systemd[1]: Starting Uncomplicated firewall...
         Starting Uncomplicated firewall...
[    8.028919] systemd[1]: Starting Nameserver information manager...
         Starting Nameserver information manager...
[    8.034236] systemd[1]: Starting Create list of required static device nodes for the current kernel...
[    8.040739] Loading iSCSI transport class v2.0-870.
         Starting Create list of required st... nodes for the current kernel...
[    8.043381] systemd[1]: Listening on LVM2 metadata daemon socket.
[[0;32m  OK  [0m] Listening on LVM2 metadata daemon socket.
[    8.046578] systemd[1]: Starting Monitoring of LVM2 mirrors, snapshots etc. using dmeventd or progress polling...
         Starting Monitoring of LVM2 mirrors... dmeventd or progress polling...
[    8.056557] systemd[1]: Mounted Debug File System.
[[0;32m  OK  [0m] Mounted Debug File System.
[    8.060096] systemd[1]: Mounted Huge Pages File System.
[[0;32m  OK  [0m] Mounted Huge Pages File System.
[    8.062533] systemd[1]: Mounted POSIX Message Queue File System.
[[0;32m  OK  [0m] Mounted POSIX Message Queue File System.
[    8.064974] systemd[1]: Started Journal Service.
[[0;32m  OK  [0m] Started Journal Service.
[[0;32m  OK  [0m] Started Remount Root and Kernel File Systems.
[[0;32m  OK  [0m] Started Uncomplicated firewall.
[[0;32m  OK  [0m] Started Create list of required sta...ce nodes for the current kernel.
[[0;32m  OK  [[    8.075153] iscsi: registered transport (tcp)
0m] Started Nameserver information manager.
[[0;32m  OK  [0m] Started LVM2 metadata daemon.
         Starting Create Static Device Nodes in /dev...
         Starting udev Coldplug all Devices...
         Starting Load/Save Random Seed...
         Starting Flush Journal to Persistent Storage...
[[0;32m  OK  [0m] Started Load/Save Random Seed.
[    8.098158] systemd-journald[385]: Received request to flush runtime journal from PID 1
[[0;32m  OK  [0m] Started Flush Journal to Persistent Storage.
[[0;32m  OK  [0m] Started Set console keymap.
[[0;32m  OK  [0m] Started Create Static Device Nodes in /dev.
[    8.134148] iscsi: registered transport (iser)
         Starting udev Kernel Device Manager...
[[0;32m  OK  [0m] Started Load Kernel Modules.
         Mounting FUSE Control File System...
         Starting Apply Kernel Variables...
[[0;32m  OK  [0m] Mounted FUSE Control File System.
[[0;32m  OK  [0m] Started Apply Kernel Variables.
[[0;32m  OK  [0m] Started udev Coldplug all Devices.
[[0;32m  OK  [0m] Started udev Kernel Device Manager.
[[0;32m  OK  [0m] Started Dispatch Password Requests to Console Directory Watch.
[[0;32m  OK  [0m] Found device /dev/ttyS0.
[[0;32m  OK  [0m] Listening on Load/Save RF Kill Switch Status /dev/rfkill Watch.
[[0;32m  OK  [0m] Started Monitoring of LVM2 mirrors,...ng dmeventd or progress polling.
[[0;32m  OK  [0m] Reached target Local File Systems (Pre).
[[0;32m  OK  [0m] Reached target Local File Systems.
         Starting Set console font and keymap...
         Starting LSB: AppArmor initialization...
         Starting Initial cloud-init job (pre-networking)...
         Starting Tell Plymouth To Write Out Runtime Data...
         Starting Create Volatile Files and Directories...
         Starting Commit a transient machine-id on disk...
[[0;32m  OK  [0m] Started Tell Plymouth To Write Out Runtime Data.
[[0;32m  OK  [0m] Started Create Volatile Files and Directories.
         Starting Update UTMP about System Boot/Shutdown...
[[0;32m  OK  [0m] Started Update UTMP about System Boot/Shutdown.
[[0;32m  OK  [0m] Started Set console font and keymap.
[[0;32m  OK  [0m] Started Commit a transient machine-id on disk.
[[0;32m  OK  [0m] Created slice system-getty.slice.
[    9.675195] cloud-init[645]: Cloud-init v. 19.4-33-gbb4131a2-0ubuntu1~16.04.1 running 'init-local' at Thu, 30 Jul 2020 15:04:31 +0000. Up 9.34 seconds.
[[0;32m  OK  [0m] Started Initial cloud-init job (pre-networking).
[[0;32m  OK  [0m] Started LSB: AppArmor initialization.
         Starting Load AppArmor profiles managed internally by snapd...
[[0;32m  OK  [0m] Reached target Network (Pre).
         Starting Raise network interfaces...
[[0;32m  OK  [0m] Started Load AppArmor profiles managed internally by snapd.
[[0;32m  OK  [0m] Started Raise network interfaces.
[[0;32m  OK  [0m] Reached target Network.
         Starting Initial cloud-init job (metadata service crawler)...
[   10.638758] cloud-init[960]: Cloud-init v. 19.4-33-gbb4131a2-0ubuntu1~16.04.1 running 'init' at Thu, 30 Jul 2020 15:04:31 +0000. Up 10.19 seconds.
[   10.640501] cloud-init[960]: ci-info: ++++++++++++++++++++++++++++++++++++++Net device info+++++++++++++++++++++++++++++++++++++++
[   10.642117] cloud-init[960]: ci-info: +--------+-------+----------------------------+---------------+--------+-------------------+
[   10.644117] cloud-init[960]: ci-info: | Device |   Up  |          Address           |      Mask     | Scope  |     Hw-Address    |
[   10.646063] cloud-init[960]: ci-info: +--------+-------+----------------------------+---------------+--------+-------------------+
[   10.652785] cloud-init[960]: ci-info: | enp0s3 |  True |         10.0.2.15          | 255.255.255.0 | global | 02:a0:c0:04:2d:c8 |
[   10.654604] cloud-init[960]: ci-info: | enp0s3 |  True | fe80::a0:c0ff:fe04:2dc8/64 |       .       |  link  | 02:a0:c0:04:2d:c8 |
[   10.660746] cloud-init[960]: ci-info: | enp0s8 | False |             .              |       .       |   .    | 08:00:27:b5:8c:7a |
[   10.662566] cloud-init[960]: ci-info: |   lo   |  True |         127.0.0.1          |   255.0.0.0   |  host  |         .         |
[   10.664302] cloud-init[960]: ci-info: |   lo   |  True |          ::1/128           |       .       |  host  |         .         |
[   10.672416] cloud-init[960]: ci-info: +--------+-------+----------------------------+---------------+--------+-------------------+
[   10.674367] cloud-init[960]: ci-info: +++++++++++++++++++++++++++Route IPv4 info++++++++++++++++++++++++++++
[   10.675918] cloud-init[960]: ci-info: +-------+-------------+----------+---------------+-----------+-------+
[   10.677467] cloud-init[960]: ci-info: | Route | Destination | Gateway  |    Genmask    | Interface | Flags |
[   10.679191] cloud-init[960]: ci-info: +-------+-------------+----------+---------------+-----------+-------+
[   10.680828] cloud-init[960]: ci-info: |   0   |   0.0.0.0   | 10.0.2.2 |    0.0.0.0    |   enp0s3  |   UG  |
[   10.682451] cloud-init[960]: ci-info: |   1   |   10.0.2.0  | 0.0.0.0  | 255.255.255.0 |   enp0s3  |   U   |
[   10.684063] [[0;32m  OK  [0m] Started Initial cloud-init job (metadata service crawler).
[[0;32m  OK  [0m] Reached target Cloud-config availability.
[[0;32m  OK  [0m] Reached target System Initialization.
cloud-init[960]:          Starting LXD - unix socket.
[[0;32m  OK  [0m] Started Message of the Day.
         Starting Socket activation for snappy daemon.
ci-info: +-------+-------------+----------+---------------+-----------+-------+
[   10.696796] [[0;32m  OK  [0m] Started ACPI Events Check.
[[0;32m  OK  [0m] Reached target Paths.
cloud-init[960]: ci-info: +++++++++++++++++++Route IPv6 info+++++++++++++++++++
[   10.698631] [[0;32m  OK  [0m] Started Daily apt download activities.
[[0;32m  OK  [0m] Started Daily Cleanup of Temporary Directories.
cloud-init[960]: ci-info: +-------+-------------+---------+-----------+-------+
[   10.700723] [[0;32m  OK  [0m] Listening on UUID daemon activation socket.
[[0;32m  OK  [0m] Started Daily apt upgrade and clean activities.
[[0;32m  OK  [0m] Reached target Timers.
cloud-init[960]: ci-info: | Route | Destination | Gateway | Interface | Flags |
[[0;32m  OK  [0m] Listening on D-Bus System Message Bus Socket.
[[0;32m  OK  [0m] Listening on ACPID Listen Socket.
[[0;32m  OK  [0m] Reached target Network is Online.
[   10.705171] cloud-init[960]: ci-info: +-------+-------------+---------+-----------+-------+
[   10.706576] cloud-init[960]: ci-info: |   0   |  fe80::/64  |    ::   |   enp0s3  |   U   |
         Starting iSCSI initiator daemon (iscsid)...
[[0;32m  OK  [0m] Listening on LXD - unix socket.
[[0;32m  OK  [0m] Listening on Socket activation for snappy daemon.
[[0;32m  OK  [0m] Reached target Sockets.
[[0;32m  OK  [0m] Reached target Basic System.
[   10.717248] cloud-init[960]: ci-info: |   3   |   ff00::/8  |    ::   |   enp0s3  |   U   |
[   10.721251] cloud-init[960]: ci-info: +-------+-------------+---------+-----------+-------+
[   10.722521] cloud-init[960]: Generating public/private rsa key pair.
[   10.723551] cloud-init[960]: Your identification has been saved in /etc/ssh/ssh_host_rsa_key.
[   10.725056] cloud-init[960]: Your public key has been saved in /etc/ssh/ssh_host_rsa_key.pub.
[   10.726852] [[0;32m  OK  [0m] Started ACPI event daemon.
cloud-init         Starting Login Service...
[960]: The key fingerprint is:[[0;32m  OK  [0m] Started Deferred execution scheduler.
         Starting Virtualbox guest utils...

[   10.730067]          Starting LSB: Record successful boot for GRUB...
         Starting LSB: MD monitoring daemon...
cloud-init[960]: SHA256:dYaQ0hiR6u0/Ij8RFN5MO3Gh7sh0IUu4B6cc4E+zMX0 root@ubuntu-xenial[[0;32m  OK  [0m] Started Regular background program processing daemon.
         Starting Accounts Service...

[   10.734451]          Starting LXD - container startup/shutdown...
         Starting /etc/rc.local Compatibility...
cloud-init[960]: The key's randomart image is:
[   10.736942] cloud-init[960]: +---[RSA 2048]----+
[   10.738253] cloud-init[960]: |  .   +B+.o.     |
[   10.739357] cloud-init[960]: | . . +=+o* .     |
[   10.740766] cloud-init[960]: |  . Oo*.E o o    |
[   10.742077] cloud-init[960]: |   +.%.= + o     |         Starting Pollinate to seed the pseudo random number generator...
[[0;32m  OK  [0m] Started FUSE filesystem for LXC.
         Starting System Logging Service...
         Starting Snap Daemon...
[[0;32m  OK  [0m] Started D-Bus System Message Bus.

[   10.758024] cloud-init[960]: |   .*.+.S        |
[   10.767266] cloud-init[960]: |    .+o+         |
[   10.780442] cloud-init[960]: |     .o..        |
[   10.783912] cloud-init[960]: |    . + .        |[[0;32m  OK  [0m] Started System Logging Service.

[   10.809624] cloud-init[960]: |     o.+..       |
[   10.814870] cloud-init[960]: +----[SHA256]-----+
[[0;32m  OK  [0m] Started /etc/rc.local Compatibility.
[   10.816193] cloud-init[960]: Generating public/private dsa key pair.
[   10.828942] [[0;32m  OK  [0m] Started iSCSI initiator daemon (iscsid).
cloud-init[960]: Your identification has been saved in /etc/ssh/ssh_host_dsa_key.         Starting Login to default iSCSI targets...
[[0;32m  OK  [0m] Started Login Service.
[[0;32m  OK  [0m] Started Unattended Upgrades Shutdown.

         Starting Authenticate and Authorize Users to Run Privileged Tasks...
[[0;32m  OK  [0m] Started LSB: Record successful boot for GRUB.
[   10.864593] cloud-init[960]: Your public key has been saved in /etc/ssh/ssh_host_dsa_key.pub.
[   10.891513] cloud-init[960]: The key fingerprint is:
[   10.898199] cloud-init[960]: SHA256:esR7KnsxOFtC7ALhyWDC7bPDJaJVuxmL1mlloDYaLdw root@ubuntu-xenial
[   10.905264] cloud-init[960]: The key's randomart image is:
[   10.911652] cloud-init[960]: +---[DSA 1024]----+
[[0;32m  OK  [0m] Started LSB: MD monitoring daemon.
[   10.917151] cloud-init[960]: |. .              |
[   10.920470] cloud-init[960]: |oo..o            |
[[0;32m  OK  [0m] Started Login to default iSCSI targets.
[   10.928382] [[0;32m  OK  [0m] Started Authenticate and Authorize Users to Run Privileged Tasks.
[[0;32m  OK  [0m] Reached target Remote File Systems (Pre).
[[0;32m  OK  [0m] Reached target Remote File Systems.
cloud-init[960]: |+=o= +           |
[   10.934427] cloud-init[960]: |oo@Eo.=.         |
[   10.939290]          Starting Permit User Sessions...
cloud-init         Starting LSB: Set the CPU Frequency Scaling governor to "ondemand"...
         Starting LSB: automatic crash report generation...
         Starting LSB: daemon to balance interrupts for SMP systems...
[960]: |.*o==@ .S        |
[[0;32m  OK  [0m] Started Accounts Service.
[[0;32m  OK  [0m] Started Permit User Sessions.
         Starting Hold until boot process finishes up...
         Starting Terminate Plymouth Boot Screen...
[[0;32m  OK  [0m] Started Hold until boot process finishes up.
[   10.945220] [[0;32m  OK  [0m] Started Getty on tty1.
cloud-init         Starting Set console scheme...[960]: 
[[0;32m  OK  [0m] Started Serial Getty on ttyS0.
[[0;32m  OK  [0m] Reached target Login Prompts.
[[0;32m  OK  [0m] Started Terminate Plymouth Boot Screen.
[[0;32m  OK  [0m] Started Set console scheme.
[[0;32m  OK  [0m] Started LSB: Set the CPU Frequency Scaling governor to "ondemand".
|o o+O =o+.       |
[   11.008720] cloud-init[960]: | . ....=oo.      |
[   11.015823] cloud-init[960]: |      o..o       |
[   11.019059] cloud-init[960]: |      .+.        |
[[0;32m  OK  [0m] Started LXD - container startup/shutdown.
[   11.024918] cloud-init[960]: [[0;32m  OK  [0m] Started LSB: daemon to balance interrupts for SMP systems.
+----[SHA256]-----+
[   11.031429] cloud-init[960]: Generating public/private ecdsa key pair.
[   11.034500] cloud-init[960]: Your identification has been saved in /etc/ssh/ssh_host_ecdsa_key.
[   11.036954] cloud-init[960]: Your public key has been saved in /etc/ssh/ssh_host_ecdsa_key.pub.
[   11.043596] cloud-init[960]: The key fingerprint is:
[[0;32m  OK  [0m] Started LSB: automatic crash report generation.
[   11.044943] cloud-init[960]: SHA256:PsOdhIBMhahBCy3M0Igdr/TFoBtmpJ9oeofqQPGuizo root@ubuntu-xenial
[   11.048851] [[0;32m  OK  [0m] Started Virtualbox guest utils.
cloud-init[960]: The key's randomart image is:
[   11.050596] cloud-init[960]: +---[ECDSA 256]---+
[   11.051540] cloud-init[960]: |O*oooo.          |
[   11.053234] cloud-init[960]: |*=*=.+           |
[   11.056737] cloud-init[960]: |.** + +          |
[   11.058752] cloud-init[960]: |.*o* . . .       |
[   11.062048] cloud-init[960]: |.o=..   S .      |
[   11.069976] cloud-init[960]: |+ ..   o o .     |
[   11.071152] cloud-init[960]: |o o..   = o      |
[   11.072342] cloud-init[960]: |Eo..     o       |
[   11.073553] cloud-init[960]: |*=.              |
[   11.074788] cloud-init[960]: +----[SHA256]-----+
[   11.076223] cloud-init[960]: Generating public/private ed25519 key pair.
[   11.077814] cloud-init[960]: Your identification has been saved in /etc/ssh/ssh_host_ed25519_key.
[   11.079585] cloud-init[960]: Your public key has been saved in /etc/ssh/ssh_host_ed25519_key.pub.
[   11.081230] cloud-init[960]: The key fingerprint is:
[   11.082357] cloud-init[960]: SHA256:qkLaOAvmHHM94CfwIC9DEVw0j8cAFXMz8PjYpADNkvE root@ubuntu-xenial
[   11.083824] cloud-init[960]: The key's randomart image is:
[   11.089371] cloud-init[960]: +--[ED25519 256]--+
[   11.091086] cloud-init[960]: |+B=Xo+           |
[   11.092705] cloud-init[960]: |+o+ @ o          |
[   11.094463] cloud-init[960]: | +Eo *           |
[   11.095848] cloud-init[960]: |  o B            |
[   11.097182] cloud-init[960]: |.+ + o  S        |
[   11.098942] cloud-init[960]: |o.* o  .         |
[   11.100443] cloud-init[960]: |+O.= +.          |
[   11.101885] cloud-init[960]: |Oo* o..          |
[   11.103137] cloud-init[960]: |.= ..            |
[   11.104513] cloud-init[960]: +----[SHA256]-----+
[[0;32m  OK  [0m] Started Snap Daemon.
         Starting Wait until snapd is fully seeded...
[[0;32m  OK  [0m] Started Pollinate to seed the pseudo random number generator.
         Starting OpenBSD Secure Shell server...
[[0;32m  OK  [0m] Started OpenBSD Secure Shell server.
[[0;32m  OK  [0m] Created slice User Slice of vagrant.
         Starting User Manager for UID 1000...
[[0;32m  OK  [0m] Started Session 1 of user vagrant.
[[0;32m  OK  [0m] Started User Manager for UID 1000.
[[0;32m  OK  [0m] Started Wait until snapd is fully seeded.
         Starting Apply the settings specified in cloud-config...
[[0;32m  OK  [0m] Reached target Multi-User System.
[[0;32m  OK  [0m] Reached target Graphical Interface.
         Starting Update UTMP about System Runlevel Changes...
[[0;32m  OK  [0m] Started Update UTMP about System Runlevel Changes.
[   13.192006] cloud-init[1383]: Generating locales (this might take a while)...
[   13.947970] cloud-init[1383]:   en_US.UTF-8... done
[   13.949335] cloud-init[1383]: Generation complete.
[   14.214107] cloud-init[1383]: Cloud-init v. 19.4-33-gbb4131a2-0ubuntu1~16.04.1 running 'modules:config' at Thu, 30 Jul 2020 15:04:34 +0000. Up 13.09 seconds.
[[0;32m  OK  [0m] Started Apply the settings specified in cloud-config.
         Starting Execute cloud user/final scripts...
ci-info: no authorized SSH keys fingerprints found for user ubuntu.
<14>Jul 30 15:04:36 ec2: 
<14>Jul 30 15:04:36 ec2: #############################################################
<14>Jul 30 15:04:36 ec2: -----BEGIN SSH HOST KEY FINGERPRINTS-----
<14>Jul 30 15:04:36 ec2: 1024 SHA256:esR7KnsxOFtC7ALhyWDC7bPDJaJVuxmL1mlloDYaLdw root@ubuntu-xenial (DSA)
<14>Jul 30 15:04:36 ec2: 256 SHA256:PsOdhIBMhahBCy3M0Igdr/TFoBtmpJ9oeofqQPGuizo root@ubuntu-xenial (ECDSA)
<14>Jul 30 15:04:36 ec2: 256 SHA256:qkLaOAvmHHM94CfwIC9DEVw0j8cAFXMz8PjYpADNkvE root@ubuntu-xenial (ED25519)
<14>Jul 30 15:04:36 ec2: 2048 SHA256:dYaQ0hiR6u0/Ij8RFN5MO3Gh7sh0IUu4B6cc4E+zMX0 root@ubuntu-xenial (RSA)
<14>Jul 30 15:04:36 ec2: -----END SSH HOST KEY FINGERPRINTS-----
<14>Jul 30 15:04:36 ec2: #############################################################
-----BEGIN SSH HOST KEY KEYS-----
ecdsa-sha2-nistp256 AAAAE2VjZHNhLXNoYTItbmlzdHAyNTYAAAAIbmlzdHAyNTYAAABBBPUrV7K1ifrdV6hwxFPL9pGSxCng0hHJLVlOf35Qh8e3JBFM8fqNj9Cpr8ynphGo+vNYTDrX3Acr0LWN3h5HUPQ= root@ubuntu-xenial
ssh-ed25519 AAAAC3NzaC1lZDI1NTE5AAAAIMQoUQzf5RvOecLybGC7MhkkusWTYJdTcgBxmShAIpEp root@ubuntu-xenial
ssh-rsa AAAAB3NzaC1yc2EAAAADAQABAAABAQDhV21uRfZWi8if6fQxA6VZx6a9clYYxU6rhnxAzXl5iYNohvYZmYdPOP7FcS0wE9xKDT30vXwFeJBb1uHBgP2xw4djwC6KqYrCvy6/NVDk/csHtNGbjV53Cf0p8MK3JhFGRCqm0+TNPVX7CNAlh5qwmdWbJlMEpNAMLzOAHzSnBrE/d/2ZcE+h9NtRAco21g9vocB8VWMjIe5qyQg3JSbJWYbWF5FT0NN5DmBMUVzZzvql3LTUpJn3JEFQ7MjlDP2xtqccnkmrezHNVZouH6+6sT4WeKA0EY7XuYva6SsgwiJpbZoLtIjfWNKXQtib5J8f6Xj97RXmLiANF9QDR7cV root@ubuntu-xenial
-----END SSH HOST KEY KEYS-----
[   14.664662] cloud-init[1535]: Cloud-init v. 19.4-33-gbb4131a2-0ubuntu1~16.04.1 running 'modules:final' at Thu, 30 Jul 2020 15:04:36 +0000. Up 14.51 seconds.
[   14.667513] cloud-init[1535]: ci-info: no authorized SSH keys fingerprints found for user ubuntu.
[   14.669146] cloud-init[1535]: Cloud-init v. 19.4-33-gbb4131a2-0ubuntu1~16.04.1 finished at Thu, 30 Jul 2020 15:04:36 +0000. Datasource DataSourceNoCloud [seed=/dev/sdb][dsmode=net].  Up 14.65 seconds
[[0;32m  OK  [0m] Started Execute cloud user/final scripts.
[[0;32m  OK  [0m] Reached target Cloud-init target.

Ubuntu 16.04.6 LTS ubuntu-xenial ttyS0

ubuntu-xenial login: 